waves: [[["GN2"]], [["GN3"]]]
conflicts: GN3 (2026-09-11-generation.md) × N13 (2026-09-04-loose-ends-wave-a7.md): flake.nix ~ flake.nix
conflicts: GN3 (2026-09-11-generation.md) × N15 (2026-09-04-loose-ends-wave-a7.md): flake.nix ~ flake.nix
conflicts: GN3 (2026-09-11-generation.md) × N17 (2026-09-04-loose-ends-wave-a7.md): flake.nix ~ flake.nix
conflicts: GN3 (2026-09-11-generation.md) × HH2 (2026-09-08-helm-home-1.md): flake.nix ~ flake.nix
conflicts: GN3 (2026-09-11-generation.md) × HH3 (2026-09-08-helm-home-1.md): flake.nix ~ flake.nix
conflicts: GN3 (2026-09-11-generation.md) × HH6 (2026-09-08-helm-home-1.md): flake.nix ~ flake.nix
conflicts: GN3 (2026-09-11-generation.md) × HH8 (2026-09-08-helm-home-1.md): flake.nix ~ flake.nix
conflicts: GN3 (2026-09-11-generation.md) × HH9 (2026-09-08-helm-home-1.md): flake.nix ~ flake.nix
conflicts: GN3 (2026-09-11-generation.md) × SP5 (2026-09-08-spend-telemetry.md): flake.nix ~ flake.nix
conflicts: GN3 (2026-09-11-generation.md) × UI1 (2026-09-09-bugs.md): docs/MAP.md ~ docs/MAP.md
conflicts: FIX5 (2026-09-09-bugs.md) × GN3 (2026-09-11-generation.md): docs/MAP.md ~ docs/MAP.md
conflicts: FIX5b (2026-09-09-bugs.md) × GN3 (2026-09-11-generation.md): docs/MAP.md ~ docs/MAP.md
conflicts: FIX5d (2026-09-09-bugs.md) × GN3 (2026-09-11-generation.md): docs/MAP.md ~ docs/MAP.md
conflicts: FIX7 (2026-09-09-bugs.md) × GN3 (2026-09-11-generation.md): docs/MAP.md ~ docs/MAP.md
conflicts: FIX5c (2026-09-09-bugs.md) × GN3 (2026-09-11-generation.md): docs/MAP.md ~ docs/MAP.md
conflicts: FIX6 (2026-09-09-bugs.md) × GN3 (2026-09-11-generation.md): flake.nix ~ flake.nix
conflicts: FIX6 (2026-09-09-bugs.md) × GN3 (2026-09-11-generation.md): docs/MAP.md ~ docs/MAP.md
conflicts: EV1 (2026-09-09-program.md) × GN3 (2026-09-11-generation.md): flake.nix ~ flake.nix
conflicts: EV1 (2026-09-09-program.md) × GN3 (2026-09-11-generation.md): hosts/core/default.nix ~ hosts/core/default.nix
conflicts: EV1 (2026-09-09-program.md) × GN3 (2026-09-11-generation.md): docs/MAP.md ~ docs/MAP.md
conflicts: EV6 (2026-09-09-program.md) × GN3 (2026-09-11-generation.md): flake.nix ~ flake.nix
conflicts: EV6 (2026-09-09-program.md) × GN3 (2026-09-11-generation.md): docs/MAP.md ~ docs/MAP.md
conflicts: GN3 (2026-09-11-generation.md) × IS4 (2026-09-09-program.md): flake.nix ~ flake.nix
conflicts: GN3 (2026-09-11-generation.md) × IS5b (2026-09-09-program.md): flake.nix ~ flake.nix
conflicts: EV10 (2026-09-11-evidence.md) × GN1 (2026-09-11-generation.md): docs/ledger/subsystems.toml ~ docs/ledger/subsystems.toml
conflicts: EV10 (2026-09-11-evidence.md) × GN1 (2026-09-11-generation.md): docs/subsystems.md ~ docs/subsystems.md
conflicts: EV13 (2026-09-11-evidence.md) × GN3 (2026-09-11-generation.md): docs/MAP.md ~ docs/MAP.md
conflicts: EV15 (2026-09-11-evidence.md) × GN3 (2026-09-11-generation.md): docs/MAP.md ~ docs/MAP.md
conflicts: EV16 (2026-09-11-evidence.md) × GN3 (2026-09-11-generation.md): flake.nix ~ flake.nix
conflicts: EV16 (2026-09-11-evidence.md) × GN3 (2026-09-11-generation.md): docs/MAP.md ~ docs/MAP.md
conflicts: FA13 (2026-09-11-factory.md) × GN1 (2026-09-11-generation.md): docs/ledger/subsystems.toml ~ docs/ledger/subsystems.toml
conflicts: FA23 (2026-09-11-factory.md) × GN3 (2026-09-11-generation.md): flake.nix ~ flake.nix
conflicts: FA23 (2026-09-11-factory.md) × GN3 (2026-09-11-generation.md): docs/MAP.md ~ docs/MAP.md
conflicts: GN1 (2026-09-11-generation.md) × PL1 (2026-09-11-platform.md): docs/ledger/subsystems.toml ~ docs/ledger/subsystems.toml
conflicts: GN1 (2026-09-11-generation.md) × PL1 (2026-09-11-platform.md): docs/subsystems.md ~ docs/subsystems.md
conflicts: GN3 (2026-09-11-generation.md) × PL2 (2026-09-11-platform.md): flake.nix ~ flake.nix
conflicts: GN3 (2026-09-11-generation.md) × PL3 (2026-09-11-platform.md): flake.nix ~ flake.nix
conflicts: GN3 (2026-09-11-generation.md) × PL4 (2026-09-11-platform.md): hosts/core/default.nix ~ hosts/core/default.nix
conflicts: GN3 (2026-09-11-generation.md) × PL4 (2026-09-11-platform.md): flake.nix ~ flake.nix
conflicts: GN3 (2026-09-11-generation.md) × PL5 (2026-09-11-platform.md): flake.nix ~ flake.nix
